[/] f1 == f1 (directory)
Entries are identical
total: 1, equal: 1, distinct: 0, only left: 0, only right: 0
