[/] bl <> bl (broken-link) <broken-link>
Entries are different
total: 1, equal: 0, distinct: 1, only left: 0, only right: 0, broken links: 1
