[/] 1 == 1 (directory)
[/] 2 == 2 (directory)
Entries are identical
total: 2, equal: 2, distinct: 0, only left: 0, only right: 0
