[/] a1 == a1 (file)
[/] a2 == a2 (file)
[/] a3 <> a3 (file) <different-size>
Entries are different
total: 3, equal: 2, distinct: 1, only left: 0, only right: 0
