[/] ..a8.txt==..a8.txt
[/] .a5.txt==.a5.txt
[/] .a7==.a7
[/] a1.txt->missing
[/] missing<-a1.txt.e1
[/] a2.e1==a2.e1
[/] a3.e1.e2==a3.e1.e2
[/] a6==a6
[/] a9.txt.e1==a9.txt.e1
Entries are different
total: 9, equal: 7, distinct: 0, only left: 1, only right: 1
