[/] a == a (directory)
[/a] c == c (directory)
[/a] a3.txt == a3.txt (file)
[/] a1.txt == a1.txt (file)
[/] a2.txt == a2.txt (file)
Entries are identical
total: 5, equal: 5, distinct: 0, only left: 0, only right: 0