[/.A3] missing <- .a1.txt
[/.A3] a1.txt -> missing
[/A2/A4/A5] missing <- a2.e4
[/A2/A4] missing <- a1.e3
[/A2] a1.txt == a1.txt
[/] ..a8.txt == ..a8.txt
[/] .a5.txt == .a5.txt
[/] .a7 == .a7
[/] a1.txt -> missing
[/] a6 == a6
Entries are different
total: 10, equal: 5, distinct: 0, only left: 2, only right: 3
