Entries are different
total: 11, equal: 1, distinct: 1, only left: 5, only right: 4
