[/] 1 == 1 (file)
[/] 2 <> 2 (file) <different-size>
[/] 3 <> 3 (file) <different-size>
Entries are different
total: 3, equal: 1, distinct: 2, only left: 0, only right: 0
