Entries are identical
total: 3, equal: 3, distinct: 0, only left: 0, only right: 0
