["path1: d1, path2: undefined","path1: undefined, path2: d2","path1: undefined, path2: d2/A11","path1: d1, path2: d2","path1: d1/A6, path2: undefined","path1: undefined, path2: d2/A6","path1: d1, path2: undefined","path1: d1/A7, path2: undefined","path1: undefined, path2: d2","path1: undefined, path2: d2/A8","path1: undefined, path2: d2","path1: d1, path2: undefined","path1: d1, path2: d2","path1: d1, path2: d2","path1: d1, path2: undefined","path1: undefined, path2: d2","path1: d1, path2: undefined"]
