[/] 3 -> missing (directory)
[/] a -> missing (directory)
[/] 1 == 1 (file)
[/] 2 == 2 (file)
[/] missing <- 3 (file)
Entries are different
total: 5, equal: 2, distinct: 0, only left: 2, only right: 1
