[/] a == a (directory)
[/a] b == b (directory)
[/a/b] d == d (directory)
[/a/b] f == f (directory)
[/a/b/f] f1 == f1 (directory)
[/a/b/f] f2 == f2 (directory)
[/a/b] i == i (directory)
[/a/b/i] j == j (directory)
[/a/b/i/j] j1 == j1 (directory)
[/a/b/i/j/j1] a6.txt == a6.txt (file)
[/a/b/i/j] j2 == j2 (directory)
[/a/b/i/j/j2] j4 == j4 (directory)
[/a/b/i/j/j2/j4] a8.txt == a8.txt (file)
[/a/b/i/j] j3 == j3 (directory)
[/a/b/i] k == k (directory)
[/a/b/i/k] k1 == k1 (directory)
[/a/b/i/k/k1] a7.txt == a7.txt (file)
[/a/b/i/k] k2 == k2 (directory)
[/a/b/i/k] k3 == k3 (directory)
[/a/b/i/k/k3] k4 == k4 (directory)
[/a/b/i/k/k3/k4] a5.txt == a5.txt (file)
[/a/b] a4.txt == a4.txt (file)
[/a] a3.txt == a3.txt (file)
[/] a1.txt == a1.txt (file)
[/] a2.txt == a2.txt (file)
Entries are identical
total: 25, equal: 25, distinct: 0, only left: 0, only right: 0