[/] index1.html <> 01 (file)
Entries are different
total: 2, equal: 0, distinct: 2, only left: 0, only right: 0