[/] a == a (directory)
[/a] b == b (directory)
[/a/b] d == d (directory)
[/a/b/d] e == e (directory)
[/a/b] f == f (directory)
[/a/b/f] f1 == f1 (directory)
[/a/b/f/f1] f1a == f1a (directory)
[/a/b/f/f1/f1a] f2a == f2a (directory)
[/a/b/f/f1/f1a] f2b == f2b (directory)
[/a/b/f/f1] f1b == f1b (directory)
[/a/b/f/f1/f1b] f2a == f2a (directory)
[/a/b/f/f1/f1b] f2b == f2b (directory)
[/a/b/f] f2 == f2 (directory)
[/a/b/f/f2] f2a == f2a (directory)
[/a/b/f/f2/f2a] f1a == f1a (directory)
[/a/b/f/f2/f2a] f1b == f1b (directory)
[/a/b/f/f2] f2b == f2b (directory)
[/a/b/f/f2/f2b] f1a == f1a (directory)
[/a/b/f/f2/f2b] f1b == f1b (directory)
[/a/b] i == i (directory)
[/a/b/i] j == j (directory)
[/a/b/i/j] j1 == j1 (directory)
[/a/b/i/j/j1] lk1 == lk1 (directory)
[/a/b/i/j/j1/lk1] lj4 == lj4 (directory)
[/a/b/i/j/j1/lk1/lj4] lk4 == lk4 (directory)
[/a/b/i/j/j1/lk1/lj4/lk4] lj1 == lj1 (directory)
[/a/b/i/j/j1/lk1/lj4/lk4] a5.txt == a5.txt (file)
[/a/b/i/j/j1/lk1/lj4] a8.txt == a8.txt (file)
[/a/b/i/j/j1/lk1] a7.txt == a7.txt (file)
[/a/b/i/j/j1] a6.txt == a6.txt (file)
[/a/b/i/j] j2 == j2 (directory)
[/a/b/i/j/j2] j4 == j4 (directory)
[/a/b/i/j/j2/j4] lk4 == lk4 (directory)
[/a/b/i/j/j2/j4/lk4] lj1 == lj1 (directory)
[/a/b/i/j/j2/j4/lk4/lj1] lk1 == lk1 (directory)
[/a/b/i/j/j2/j4/lk4/lj1/lk1] lj4 == lj4 (directory)
[/a/b/i/j/j2/j4/lk4/lj1/lk1] a7.txt == a7.txt (file)
[/a/b/i/j/j2/j4/lk4/lj1] a6.txt == a6.txt (file)
[/a/b/i/j/j2/j4/lk4] a5.txt == a5.txt (file)
[/a/b/i/j/j2/j4] a8.txt == a8.txt (file)
[/a/b/i/j] j3 == j3 (directory)
[/a/b/i] k == k (directory)
[/a/b/i/k] k1 == k1 (directory)
[/a/b/i/k/k1] lj4 == lj4 (directory)
[/a/b/i/k/k1/lj4] lk4 == lk4 (directory)
[/a/b/i/k/k1/lj4/lk4] lj1 == lj1 (directory)
[/a/b/i/k/k1/lj4/lk4/lj1] lk1 == lk1 (directory)
[/a/b/i/k/k1/lj4/lk4/lj1] a6.txt == a6.txt (file)
[/a/b/i/k/k1/lj4/lk4] a5.txt == a5.txt (file)
[/a/b/i/k/k1/lj4] a8.txt == a8.txt (file)
[/a/b/i/k/k1] a7.txt == a7.txt (file)
[/a/b/i/k] k2 == k2 (directory)
[/a/b/i/k] k3 == k3 (directory)
[/a/b/i/k/k3] k4 == k4 (directory)
[/a/b/i/k/k3/k4] lj1 == lj1 (directory)
[/a/b/i/k/k3/k4/lj1] lk1 == lk1 (directory)
[/a/b/i/k/k3/k4/lj1/lk1] lj4 == lj4 (directory)
[/a/b/i/k/k3/k4/lj1/lk1/lj4] lk4 == lk4 (directory)
[/a/b/i/k/k3/k4/lj1/lk1/lj4] a8.txt == a8.txt (file)
[/a/b/i/k/k3/k4/lj1/lk1] a7.txt == a7.txt (file)
[/a/b/i/k/k3/k4/lj1] a6.txt == a6.txt (file)
[/a/b/i/k/k3/k4] a5.txt == a5.txt (file)
[/a/b] a4.txt == a4.txt (file)
[/a] c == c (directory)
[/a] a3.txt == a3.txt (file)
[/] a1.txt == a1.txt (file)
[/] a2.txt == a2.txt (file)
Entries are identical
total: 67, equal: 67, distinct: 0, only left: 0, only right: 0