[/] A10 -> missing (directory)
[/] A6 == A6 (directory)
[/A6] missing <- A1.TXt (file)
[/A6] a1.txt -> missing (file)
[/] A7 == A7 (directory)
[/A7] A1.tXt -> missing (file)
[/A7] missing <- a1.txt (file)
[/] missing <- a10 (directory)
[/] A11 -> missing (file)
[/] missing <- A2.TxT (file)
[/] A2.Txt -> missing (file)
[/] a1.txT -> missing (file)
[/] missing <- a1.txt (file)
[/] missing <- a11 (file)
[/] a3.TXt -> missing (file)
[/] missing <- a3.txt (file)
[/] a5.txt == a5.txt (file)
Entries are different
total: 17, equal: 3, distinct: 0, only left: 7, only right: 7
