[/] A11 -> missing
Entries are different
total: 1, equal: 0, distinct: 0, only left: 1, only right: 0
