Entries are different
total: 21, equal: 19, distinct: 1, only left: 1, only right: 0
