[/] a1 == a1 (file)
[/] a2 == a2 (file)
Entries are identical
total: 2, equal: 2, distinct: 0, only left: 0, only right: 0
